ERC report (2025-10-21T22:22:38+0530, Encoding UTF8)

***** Sheet /
[footprint_link_issues]: The current configuration does not include the footprint library 'LMS78_15-1.0R'.
    ; warning
    @(87.63 mm, 39.37 mm): Symbol PS2 [LMS78_15-1.0R]
[lib_symbol_mismatch]: Symbol 'LMS78_15-1.0R' doesn't match copy in library 'LMS78_15-1.0R'
    ; warning
    @(87.63 mm, 39.37 mm): Symbol PS2 [LMS78_15-1.0R]
[footprint_link_issues]: The current configuration does not include the footprint library 'LMS78_15-1.0R'.
    ; warning
    @(88.90 mm, 68.58 mm): Symbol PS3 [LMS78_15-1.0R]
[lib_symbol_mismatch]: Symbol 'LMS78_15-1.0R' doesn't match copy in library 'LMS78_15-1.0R'
    ; warning
    @(88.90 mm, 68.58 mm): Symbol PS3 [LMS78_15-1.0R]
[footprint_link_issues]: The current configuration does not include the footprint library 'TPS54202DDCR'.
    ; warning
    @(68.58 mm, 139.70 mm): Symbol U14 [TPS54202DDCR]
[footprint_link_issues]: The current configuration does not include the footprint library 'TPS54202DDCR'.
    ; warning
    @(187.96 mm, 45.72 mm): Symbol U5 [TPS54202DDCR]
[footprint_link_issues]: The current configuration does not include the footprint library 'TPS54202DDCR'.
    ; warning
    @(195.58 mm, 111.76 mm): Symbol U8 [TPS54202DDCR]

***** Sheet /MCU/
[multiple_net_names]: Both +3.3VA and VDDA are attached to the same items; +3.3VA will be used in the netlist
    ; warning
    @(109.22 mm, 27.94 mm): Symbol #PWR06 Pin 1 [Power input, Line]
    @(109.22 mm, 35.56 mm): Label 'VDDA'

***** Sheet /L298/

***** Sheet /Power/

***** Sheet /UART/

***** Sheet /ADC/

 ** ERC messages: 8  Errors 0  Warnings 8
