ERC report (2026-02-01T23:57:55+0530, Encoding UTF8)

***** Sheet /
[hier_label_mismatch]: Sheet pin K1OUT has no matching hierarchical label inside the sheet
    ; error
    @(158.75 mm, 36.83 mm): Hierarchical Sheet Pin K1OUT
[hier_label_mismatch]: Sheet pin K2OUT has no matching hierarchical label inside the sheet
    ; error
    @(158.75 mm, 40.64 mm): Hierarchical Sheet Pin K2OUT
[hier_label_mismatch]: Sheet pin K3OUT has no matching hierarchical label inside the sheet
    ; error
    @(158.75 mm, 43.18 mm): Hierarchical Sheet Pin K3OUT
[hier_label_mismatch]: Sheet pin K4OUT has no matching hierarchical label inside the sheet
    ; error
    @(158.75 mm, 45.72 mm): Hierarchical Sheet Pin K4OUT
[pin_not_connected]: Pin not connected
    ; error
    @(256.54 mm, 53.34 mm): Symbol J2 Pin 7 [7, Passive, Line]
[pin_not_connected]: Pin not connected
    ; error
    @(256.54 mm, 58.42 mm): Symbol J2 Pin 8 [8, Passive, Line]
[pin_to_pin]: Pins of type Bidirectional and Power output are connected
    ; warning
    @(208.28 mm, 118.11 mm): Symbol J3 Pin A7 [D-, Bidirectional, Line]
    @(24.13 mm, 135.89 mm): Symbol #FLG07 Pin 1 [Power output, Line]
[pin_to_pin]: Pins of type Bidirectional and Power output are connected
    ; warning
    @(208.28 mm, 120.65 mm): Symbol J3 Pin B7 [D-, Bidirectional, Line]
    @(24.13 mm, 135.89 mm): Symbol #FLG07 Pin 1 [Power output, Line]
[no_connect_dangling]: Unconnected "no connection" flag
    ; warning
    @(256.54 mm, 88.90 mm): No Connect
[no_connect_dangling]: Unconnected "no connection" flag
    ; warning
    @(256.54 mm, 91.44 mm): No Connect
[no_connect_dangling]: Unconnected "no connection" flag
    ; warning
    @(256.54 mm, 93.98 mm): No Connect
[no_connect_dangling]: Unconnected "no connection" flag
    ; warning
    @(256.54 mm, 96.52 mm): No Connect
[no_connect_dangling]: Unconnected "no connection" flag
    ; warning
    @(256.54 mm, 99.06 mm): No Connect
[no_connect_dangling]: Unconnected "no connection" flag
    ; warning
    @(256.54 mm, 101.60 mm): No Connect
[footprint_link_issues]: The current configuration does not include the footprint library 'LMS78_15-1.0R'.
    ; warning
    @(87.63 mm, 39.37 mm): Symbol PS2 [LMS78_15-1.0R]
[lib_symbol_mismatch]: Symbol 'LMS78_15-1.0R' doesn't match copy in library 'LMS78_15-1.0R'
    ; warning
    @(87.63 mm, 39.37 mm): Symbol PS2 [LMS78_15-1.0R]
[footprint_link_issues]: The current configuration does not include the footprint library 'LMS78_15-1.0R'.
    ; warning
    @(88.90 mm, 68.58 mm): Symbol PS3 [LMS78_15-1.0R]
[lib_symbol_mismatch]: Symbol 'LMS78_15-1.0R' doesn't match copy in library 'LMS78_15-1.0R'
    ; warning
    @(88.90 mm, 68.58 mm): Symbol PS3 [LMS78_15-1.0R]
[footprint_link_issues]: The current configuration does not include the footprint library 'TPS54202DDCR'.
    ; warning
    @(68.58 mm, 139.70 mm): Symbol U14 [TPS54202DDCR]
[footprint_link_issues]: The current configuration does not include the footprint library 'TPS54202DDCR'.
    ; warning
    @(187.96 mm, 45.72 mm): Symbol U5 [TPS54202DDCR]
[footprint_link_issues]: The current configuration does not include the footprint library 'TPS54202DDCR'.
    ; warning
    @(195.58 mm, 111.76 mm): Symbol U8 [TPS54202DDCR]
[footprint_link_issues]: The current configuration does not include the footprint library ''.
    ; warning
    @(97.79 mm, 30.48 mm): Symbol U15 [TIP29A]
[footprint_link_issues]: The current configuration does not include the footprint library ''.
    ; warning
    @(96.52 mm, 54.61 mm): Symbol U16 [TIP29A]
[footprint_link_issues]: The current configuration does not include the footprint library ''.
    ; warning
    @(96.52 mm, 78.74 mm): Symbol U17 [TIP29A]
[footprint_link_issues]: The current configuration does not include the footprint library ''.
    ; warning
    @(93.98 mm, 102.87 mm): Symbol U18 [TIP29A]
[unconnected_wire_endpoint]: Unconnected wire endpoint
    ; warning
    @(172.72 mm, 60.96 mm): Horizontal Wire, length 22.86 mm
[unconnected_wire_endpoint]: Unconnected wire endpoint
    ; warning
    @(172.72 mm, 78.74 mm): Horizontal Wire, length 25.40 mm

***** Sheet /MCU/

***** Sheet /L298/

***** Sheet /Power/

***** Sheet /UART/
[multiple_net_names]: Both GND and D- are attached to the same items; GND will be used in the netlist
    ; warning
    @(115.57 mm, 133.35 mm): Symbol #PWR022 Pin 1 [Power input, Line]
    @(44.45 mm, 105.41 mm): Hierarchical Label 'D-'

***** Sheet /ADC/

***** Sheet /RelayControl/
[pin_to_pin]: Pins of type Unspecified and Passive are connected
    ; warning
    @(97.79 mm, 30.48 mm): Symbol U15 Pin 1 [BASE, Unspecified, Line]
    @(97.79 mm, 30.48 mm): Symbol R35 Pin 2 [Passive, Line]
[pin_to_pin]: Pins of type Unspecified and Passive are connected
    ; warning
    @(96.52 mm, 54.61 mm): Symbol U16 Pin 1 [BASE, Unspecified, Line]
    @(96.52 mm, 54.61 mm): Symbol R36 Pin 2 [Passive, Line]
[pin_to_pin]: Pins of type Unspecified and Passive are connected
    ; warning
    @(96.52 mm, 78.74 mm): Symbol U17 Pin 1 [BASE, Unspecified, Line]
    @(96.52 mm, 78.74 mm): Symbol R37 Pin 2 [Passive, Line]
[pin_to_pin]: Pins of type Unspecified and Passive are connected
    ; warning
    @(93.98 mm, 102.87 mm): Symbol U18 Pin 1 [BASE, Unspecified, Line]
    @(93.98 mm, 102.87 mm): Symbol R38 Pin 2 [Passive, Line]
[pin_to_pin]: Pins of type Unspecified and Power input are connected
    ; warning
    @(148.59 mm, 27.94 mm): Symbol U15 Pin 2 [COLLECTOR, Unspecified, Line]
    @(160.02 mm, 20.32 mm): Symbol #PWR058 Pin 1 [Power input, Line]
[pin_to_pin]: Pins of type Unspecified and Passive are connected
    ; warning
    @(148.59 mm, 30.48 mm): Symbol U15 Pin 3 [EMITTER, Unspecified, Line]
    @(167.64 mm, 34.29 mm): Symbol D12 Pin 1 [A, Passive, Line]
[pin_to_pin]: Pins of type Unspecified and Unspecified are connected
    ; warning
    @(147.32 mm, 52.07 mm): Symbol U16 Pin 2 [COLLECTOR, Unspecified, Line]
    @(147.32 mm, 76.20 mm): Symbol U17 Pin 2 [COLLECTOR, Unspecified, Line]
[pin_to_pin]: Pins of type Unspecified and Passive are connected
    ; warning
    @(147.32 mm, 54.61 mm): Symbol U16 Pin 3 [EMITTER, Unspecified, Line]
    @(172.72 mm, 55.88 mm): Symbol D13 Pin 1 [A, Passive, Line]
[pin_to_pin]: Pins of type Unspecified and Unspecified are connected
    ; warning
    @(147.32 mm, 76.20 mm): Symbol U17 Pin 2 [COLLECTOR, Unspecified, Line]
    @(144.78 mm, 100.33 mm): Symbol U18 Pin 2 [COLLECTOR, Unspecified, Line]
[pin_to_pin]: Pins of type Unspecified and Passive are connected
    ; warning
    @(147.32 mm, 78.74 mm): Symbol U17 Pin 3 [EMITTER, Unspecified, Line]
    @(172.72 mm, 77.47 mm): Symbol D14 Pin 1 [A, Passive, Line]
[pin_to_pin]: Pins of type Unspecified and Passive are connected
    ; warning
    @(144.78 mm, 100.33 mm): Symbol U18 Pin 2 [COLLECTOR, Unspecified, Line]
    @(160.02 mm, 97.79 mm): Symbol D15 Pin 2 [C, Passive, Line]
[pin_to_pin]: Pins of type Unspecified and Passive are connected
    ; warning
    @(144.78 mm, 102.87 mm): Symbol U18 Pin 3 [EMITTER, Unspecified, Line]
    @(160.02 mm, 105.41 mm): Symbol D15 Pin 1 [A, Passive, Line]

 ** ERC messages: 40  Errors 6  Warnings 34
